Environment variables loaded from .env
┌─────────────────────────────────────────────────────────┐
│  Update available 6.19.2 -> 7.8.0                       │
│                                                         │
│  This is a major update - please follow the guide at    │
│  https://pris.ly/d/major-version-upgrade                │
│                                                         │
│  Run the following to update                            │
│    npm i --save-dev prisma@latest                       │
│    npm i @prisma/client@latest                          │
└─────────────────────────────────────────────────────────┘
Environment variables loaded from .env
(node:11908) Warning: SECURITY WARNING: The SSL modes 'prefer', 'require', and 'verify-ca' are treated as aliases for 'verify-full'.
In the next major version (pg-connection-string v3.0.0 and pg v9.0.0), these modes will adopt standard libpq semantics, which have weaker security guarantees.

To prepare for this change:
- If you want the current behavior, explicitly use 'sslmode=verify-full'
- If you want libpq compatibility now, use 'uselibpqcompat=true&sslmode=require'

See https://www.postgresql.org/docs/current/libpq-ssl.html for libpq SSL mode definitions.
(Use `node --trace-warnings ...` to show where the warning was created)
(node:11908) Warning: Setting the NODE_TLS_REJECT_UNAUTHORIZED environment variable to '0' makes TLS connections and HTTPS requests insecure by disabling certificate verification.
❌ Telegram setWebhook request failed: { ok: false, error_code: 404, description: 'Not Found' }
❌ Failed to register/sync bot @Newgen17_bot: Request failed with status code 404
⚠️ Failed to delete webhook for bot @Newgen17_bot: Request failed with status code 404
⚠️ Failed to delete webhook for bot @Newgen17_bot: Request failed with status code 404
⚠️ Failed to delete webhook for bot @Newgen17_bot: Request failed with status code 404
⚠️ Failed to delete webhook for bot @Newgen17_bot: Request failed with status code 404
⚠️ Failed to delete webhook for bot @Newgen17_bot: Request failed with status code 404
⚠️ Failed to delete webhook for bot @Newgen17_bot: Request failed with status code 404
⚠️ Failed to delete webhook for bot @Newgen17_bot: Request failed with status code 404
⚠️ Failed to delete webhook for bot @Newgen17_bot: Request failed with status code 404
⚠️ Failed to delete webhook for bot @Newgen17_bot: Request failed with status code 404
⚠️ Failed to delete webhook for bot @Newgen17_bot: Request failed with status code 404
⚠️ Failed to delete webhook for bot @Newgen17_bot: Request failed with status code 404
⚠️ Failed to delete webhook for bot @Newgen17_bot: Request failed with status code 404
⚠️ Failed to delete webhook for bot @Newgen17_bot: Request failed with status code 404
⚠️ Failed to delete webhook for bot @Newgen17_bot: Request failed with status code 404
⚠️ Failed to delete webhook for bot @Newgen17_bot: Request failed with status code 404
⚠️ Failed to delete webhook for bot @Newgen17_bot: Request failed with status code 404
⚠️ Failed to delete webhook for bot @Newgen17_bot: Request failed with status code 404
⚠️ Failed to delete webhook for bot @Newgen17_bot: Request failed with status code 404
⚠️ Failed to delete webhook for bot @Newgen17_bot: Request failed with status code 404
⚠️ Failed to delete webhook for bot @Newgen17_bot: Request failed with status code 404
⚠️ Failed to delete webhook for bot @Newgen17_bot: Request failed with status code 404
⚠️ Failed to delete webhook for bot @Newgen17_bot: Request failed with status code 404
⚠️ Failed to delete webhook for bot @Newgen17_bot: Request failed with status code 404
⚠️ Failed to delete webhook for bot @Newgen17_bot: Request failed with status code 404
⚠️ Failed to delete webhook for bot @Newgen17_bot: Request failed with status code 404
⚠️ Failed to delete webhook for bot @Newgen17_bot: Request failed with status code 404
⚠️ Failed to delete webhook for bot @Newgen17_bot: Request failed with status code 404
⚠️ Failed to delete webhook for bot @Newgen17_bot: Request failed with status code 404
⚠️ Failed to delete webhook for bot @Newgen17_bot: Request failed with status code 404
⚠️ Failed to delete webhook for bot @Newgen17_bot: Request failed with status code 404
⚠️ Failed to delete webhook for bot @Newgen17_bot: Request failed with status code 404
⚠️ Failed to delete webhook for bot @Newgen17_bot: Request failed with status code 404
⚠️ Failed to delete webhook for bot @Newgen17_bot: Request failed with status code 404
⚠️ Failed to delete webhook for bot @Newgen17_bot: Request failed with status code 404
⚠️ Failed to delete webhook for bot @Newgen17_bot: Request failed with status code 404
⚠️ Failed to delete webhook for bot @Newgen17_bot: Request failed with status code 404
⚠️ Failed to delete webhook for bot @Newgen17_bot: Request failed with status code 404
⚠️ Failed to delete webhook for bot @Newgen17_bot: Request failed with status code 404
⚠️ Failed to delete webhook for bot @Newgen17_bot: Request failed with status code 404
⚠️ Failed to delete webhook for bot @Newgen17_bot: Request failed with status code 404
⚠️ Failed to delete webhook for bot @Newgen17_bot: Request failed with status code 404
⚠️ Failed to delete webhook for bot @Newgen17_bot: Request failed with status code 404
⚠️ Failed to delete webhook for bot @Newgen17_bot: Request failed with status code 404
⚠️ Failed to delete webhook for bot @Newgen17_bot: Request failed with status code 404
⚠️ Failed to delete webhook for bot @Newgen17_bot: Request failed with status code 404
⚠️ Failed to delete webhook for bot @Newgen17_bot: Request failed with status code 404
⚠️ Failed to delete webhook for bot @Newgen17_bot: Request failed with status code 404
⚠️ Failed to delete webhook for bot @Newgen17_bot: Request failed with status code 404
⚠️ Failed to delete webhook for bot @Newgen17_bot: Request failed with status code 404
⚠️ Failed to delete webhook for bot @Newgen17_bot: Request failed with status code 404
⚠️ Failed to delete webhook for bot @Newgen17_bot: Request failed with status code 404
⚠️ Failed to delete webhook for bot @Newgen17_bot: Request failed with status code 404
⚠️ Failed to delete webhook for bot @Newgen17_bot: Request failed with status code 404
⚠️ Failed to delete webhook for bot @Newgen17_bot: Request failed with status code 404
⚠️ Failed to delete webhook for bot @Newgen17_bot: Request failed with status code 404
⚠️ Failed to delete webhook for bot @Newgen17_bot: Request failed with status code 404
⚠️ Failed to delete webhook for bot @Newgen17_bot: Request failed with status code 404
⚠️ Failed to delete webhook for bot @Newgen17_bot: Request failed with status code 404
⚠️ Failed to delete webhook for bot @Newgen17_bot: Request failed with status code 404
⚠️ Failed to delete webhook for bot @Newgen17_bot: Request failed with status code 404
⚠️ Failed to delete webhook for bot @Newgen17_bot: Request failed with status code 404
⚠️ Failed to delete webhook for bot @Newgen17_bot: Request failed with status code 404
⚠️ Failed to delete webhook for bot @Newgen17_bot: Request failed with status code 404
⚠️ Failed to delete webhook for bot @Newgen17_bot: Request failed with status code 404
⚠️ Failed to delete webhook for bot @Newgen17_bot: Request failed with status code 404
⚠️ Failed to delete webhook for bot @Newgen17_bot: Request failed with status code 404
⚠️ Failed to delete webhook for bot @Newgen17_bot: Request failed with status code 404
⚠️ Failed to delete webhook for bot @Newgen17_bot: Request failed with status code 404
⚠️ Failed to delete webhook for bot @Newgen17_bot: Request failed with status code 404
⚠️ Failed to delete webhook for bot @Newgen17_bot: Request failed with status code 404
⚠️ Failed to delete webhook for bot @Newgen17_bot: Request failed with status code 404
⚠️ Failed to delete webhook for bot @Newgen17_bot: Request failed with status code 404
⚠️ Failed to delete webhook for bot @Newgen17_bot: Request failed with status code 404
⚠️ Failed to delete webhook for bot @Newgen17_bot: Request failed with status code 404
⚠️ Failed to delete webhook for bot @Newgen17_bot: Request failed with status code 404
❌ Global Telegram Polling Error: 
Invalid `prisma_1.prisma.company.findMany()` invocation in
D:\startup-backup\startup-new\startup\leadsync-backend\dist\services\messaging\telegram.polling.js:33:61

  30 const poll = async () => {
  31     try {
  32         // Find all companies with connected Telegram bots
→ 33         const companies = await prisma_1.prisma.company.findMany(
Can't reach database server at `aws-1-ap-northeast-2.pooler.supabase.com:6543`

Please make sure your database server is running at `aws-1-ap-northeast-2.pooler.supabase.com:6543`.
⚠️ Failed to delete webhook for bot @Newgen17_bot: Request failed with status code 404
⚠️ Failed to delete webhook for bot @Newgen17_bot: Request failed with status code 404
⚠️ Failed to delete webhook for bot @Newgen17_bot: Request failed with status code 404
⚠️ Failed to delete webhook for bot @Newgen17_bot: Request failed with status code 404
