
> leadsync-backend@1.0.0 prestart
> prisma generate

Prisma schema loaded from prisma\schema.prisma

✔ Generated Prisma Client (v6.19.2) to .\node_modules\@prisma\client in 201ms

Start by importing your Prisma Client (See: https://pris.ly/d/importing-client)

Tip: Interested in query caching in just a few lines of code? Try Accelerate today! https://pris.ly/tip-3-accelerate


> leadsync-backend@1.0.0 start
> npm run db:client && node dist/server.js


> leadsync-backend@1.0.0 db:client
> prisma generate

Prisma schema loaded from prisma\schema.prisma

✔ Generated Prisma Client (v6.19.2) to .\node_modules\@prisma\client in 179ms

Start by importing your Prisma Client (See: https://pris.ly/d/importing-client)

Tip: Interested in query caching in just a few lines of code? Try Accelerate today! https://pris.ly/tip-3-accelerate

{"level":"INFO","time":"2026-06-28T04:07:33.673Z","profile":"COMBINED","env":"development","msg":"🔌 [Prisma] Instantiating new PrismaClient (establishing connection pool)..."}
🔧 Email service initializing...
📧 Email service - Using SMTP provider
🤖 [System Lease Selector] Instance ID: 2bzs10l6_11908 | Env: LOCAL | Role: PRIMARY
🔥 auth.routes.ts loaded
[dotenv@17.2.4] injecting env (0) from .env -- tip: 🔐 encrypt with Dotenvx: https://dotenvx.com
🔥 app.ts loaded
{"level":"INFO","time":"2026-06-28T04:07:36.405Z","profile":"COMBINED","env":"development","msg":"🚀 [Bootstrap] Starting application instance with profile: COMBINED"}
{"level":"INFO","time":"2026-06-28T04:07:39.017Z","profile":"COMBINED","env":"development","msg":"🔌 [Bootstrap] Database connectivity successfully verified."}
✅ [PgBoss] Core service started successfully
📦 [PgBoss] Seeding queues via official client creation APIs...
✅ [PgBoss] Queue registration/verifications complete.
✅ [PgBoss] All required queues verified and initialized
{"level":"INFO","time":"2026-06-28T04:08:04.280Z","profile":"COMBINED","env":"development","msg":"📦 [Bootstrap] PgBoss queue service successfully initialized."}
👷 [PgBoss] Registering workers...
✅ [PgBoss] Workers registered successfully
👷 [Orchestrator] Activating pg-boss worker subscription loop...
✅ [Orchestrator] Successfully registered subscription loop to pg-boss queue "webhook.process"
⏱️  [PgBoss] Registering schedules...
{"level":"INFO","time":"2026-06-28T04:08:04.280Z","profile":"COMBINED","env":"development","msg":"👷 [Bootstrap] PROCESS_PROFILE includes WORKER. Registering workers and cron schedules..."}
✅ [PgBoss] Schedules registered successfully
{"level":"INFO","time":"2026-06-28T04:08:06.320Z","profile":"COMBINED","env":"development","msg":"👷 [Bootstrap] Queue workers and cron schedules loaded."}
⚡ Starting Telegram Polling Service (PRIMARY role)...
⚙️ [Telegram Webhooks] Initializing event-driven webhooks for all connected bots...
{"level":"INFO","time":"2026-06-28T04:08:06.320Z","profile":"COMBINED","env":"development","msg":"🤖 [Bootstrap] Booting long-running Telegram polling loops..."}
{"level":"INFO","time":"2026-06-28T04:08:06.320Z","profile":"COMBINED","env":"development","msg":"🌐 [Bootstrap] PROCESS_PROFILE includes WEB. Launching Express web server..."}
{"level":"INFO","time":"2026-06-28T04:08:06.323Z","profile":"COMBINED","env":"development","msg":"🚀 LeadSync backend listening on address 0.0.0.0 on port 4000"}
{"level":"INFO","time":"2026-06-28T04:08:06.323Z","profile":"COMBINED","env":"development","msg":"🔌 [Bootstrap] Booting administrative Telegram webhook initializers..."}
🔎 Found 1 connected company bots.
🌐 Registering webhook to Telegram: https://ais-dev-su4g22v3gh6zoeqyvyqcud-506509063075.asia-southeast1.run.app/api/telegram/webhook
🧹 Deleting webhook for bot @Newgen17_bot to enable polling (preserving updates)...
🧹 Deleting webhook for bot @Newgen17_bot to enable polling (preserving updates)...
🧹 Deleting webhook for bot @Newgen17_bot to enable polling (preserving updates)...
🧹 Deleting webhook for bot @Newgen17_bot to enable polling (preserving updates)...
🧹 Deleting webhook for bot @Newgen17_bot to enable polling (preserving updates)...
🧹 Deleting webhook for bot @Newgen17_bot to enable polling (preserving updates)...
🧹 Deleting webhook for bot @Newgen17_bot to enable polling (preserving updates)...
🧹 Deleting webhook for bot @Newgen17_bot to enable polling (preserving updates)...
🧹 Deleting webhook for bot @Newgen17_bot to enable polling (preserving updates)...
🧹 Deleting webhook for bot @Newgen17_bot to enable polling (preserving updates)...
🧹 Deleting webhook for bot @Newgen17_bot to enable polling (preserving updates)...
🧹 Deleting webhook for bot @Newgen17_bot to enable polling (preserving updates)...
🧹 Deleting webhook for bot @Newgen17_bot to enable polling (preserving updates)...
🧹 Deleting webhook for bot @Newgen17_bot to enable polling (preserving updates)...
🧹 Deleting webhook for bot @Newgen17_bot to enable polling (preserving updates)...
🧹 Deleting webhook for bot @Newgen17_bot to enable polling (preserving updates)...
🧹 Deleting webhook for bot @Newgen17_bot to enable polling (preserving updates)...
🧹 Deleting webhook for bot @Newgen17_bot to enable polling (preserving updates)...
🧹 Deleting webhook for bot @Newgen17_bot to enable polling (preserving updates)...
🧹 Deleting webhook for bot @Newgen17_bot to enable polling (preserving updates)...
🧹 Deleting webhook for bot @Newgen17_bot to enable polling (preserving updates)...
🧹 Deleting webhook for bot @Newgen17_bot to enable polling (preserving updates)...
🧹 Deleting webhook for bot @Newgen17_bot to enable polling (preserving updates)...
🧹 Deleting webhook for bot @Newgen17_bot to enable polling (preserving updates)...
🧹 Deleting webhook for bot @Newgen17_bot to enable polling (preserving updates)...
🧹 Deleting webhook for bot @Newgen17_bot to enable polling (preserving updates)...
🧹 Deleting webhook for bot @Newgen17_bot to enable polling (preserving updates)...
🧹 Deleting webhook for bot @Newgen17_bot to enable polling (preserving updates)...
🧹 Deleting webhook for bot @Newgen17_bot to enable polling (preserving updates)...
🧹 Deleting webhook for bot @Newgen17_bot to enable polling (preserving updates)...
🧹 Deleting webhook for bot @Newgen17_bot to enable polling (preserving updates)...
🧹 Deleting webhook for bot @Newgen17_bot to enable polling (preserving updates)...
🧹 Deleting webhook for bot @Newgen17_bot to enable polling (preserving updates)...
🧹 Deleting webhook for bot @Newgen17_bot to enable polling (preserving updates)...
🧹 Deleting webhook for bot @Newgen17_bot to enable polling (preserving updates)...
🧹 Deleting webhook for bot @Newgen17_bot to enable polling (preserving updates)...
🧹 Deleting webhook for bot @Newgen17_bot to enable polling (preserving updates)...
🧹 Deleting webhook for bot @Newgen17_bot to enable polling (preserving updates)...
🧹 Deleting webhook for bot @Newgen17_bot to enable polling (preserving updates)...
🧹 Deleting webhook for bot @Newgen17_bot to enable polling (preserving updates)...
🧹 Deleting webhook for bot @Newgen17_bot to enable polling (preserving updates)...
🧹 Deleting webhook for bot @Newgen17_bot to enable polling (preserving updates)...
🧹 Deleting webhook for bot @Newgen17_bot to enable polling (preserving updates)...
🧹 Deleting webhook for bot @Newgen17_bot to enable polling (preserving updates)...
🧹 Deleting webhook for bot @Newgen17_bot to enable polling (preserving updates)...
🧹 Deleting webhook for bot @Newgen17_bot to enable polling (preserving updates)...
🧹 Deleting webhook for bot @Newgen17_bot to enable polling (preserving updates)...
🧹 Deleting webhook for bot @Newgen17_bot to enable polling (preserving updates)...
🧹 Deleting webhook for bot @Newgen17_bot to enable polling (preserving updates)...
🧹 Deleting webhook for bot @Newgen17_bot to enable polling (preserving updates)...
🧹 Deleting webhook for bot @Newgen17_bot to enable polling (preserving updates)...
🧹 Deleting webhook for bot @Newgen17_bot to enable polling (preserving updates)...
🧹 Deleting webhook for bot @Newgen17_bot to enable polling (preserving updates)...
🧹 Deleting webhook for bot @Newgen17_bot to enable polling (preserving updates)...
🧹 Deleting webhook for bot @Newgen17_bot to enable polling (preserving updates)...
🧹 Deleting webhook for bot @Newgen17_bot to enable polling (preserving updates)...
🧹 Deleting webhook for bot @Newgen17_bot to enable polling (preserving updates)...
🧹 Deleting webhook for bot @Newgen17_bot to enable polling (preserving updates)...
🧹 Deleting webhook for bot @Newgen17_bot to enable polling (preserving updates)...
🧹 Deleting webhook for bot @Newgen17_bot to enable polling (preserving updates)...
🧹 Deleting webhook for bot @Newgen17_bot to enable polling (preserving updates)...
🧹 Deleting webhook for bot @Newgen17_bot to enable polling (preserving updates)...
🧹 Deleting webhook for bot @Newgen17_bot to enable polling (preserving updates)...
🧹 Deleting webhook for bot @Newgen17_bot to enable polling (preserving updates)...
🧹 Deleting webhook for bot @Newgen17_bot to enable polling (preserving updates)...
🧹 Deleting webhook for bot @Newgen17_bot to enable polling (preserving updates)...
🧹 Deleting webhook for bot @Newgen17_bot to enable polling (preserving updates)...
🧹 Deleting webhook for bot @Newgen17_bot to enable polling (preserving updates)...
🧹 Deleting webhook for bot @Newgen17_bot to enable polling (preserving updates)...
🧹 Deleting webhook for bot @Newgen17_bot to enable polling (preserving updates)...
🧹 Deleting webhook for bot @Newgen17_bot to enable polling (preserving updates)...
🧹 Deleting webhook for bot @Newgen17_bot to enable polling (preserving updates)...
🧹 Deleting webhook for bot @Newgen17_bot to enable polling (preserving updates)...
🧹 Deleting webhook for bot @Newgen17_bot to enable polling (preserving updates)...
🧹 Deleting webhook for bot @Newgen17_bot to enable polling (preserving updates)...
prisma:error 
Invalid `prisma_1.prisma.company.findMany()` invocation in
D:\startup-backup\startup-new\startup\leadsync-backend\dist\services\messaging\telegram.polling.js:33:61

  30 const poll = async () => {
  31     try {
  32         // Find all companies with connected Telegram bots
→ 33         const companies = await prisma_1.prisma.company.findMany(
Can't reach database server at `aws-1-ap-northeast-2.pooler.supabase.com:6543`

Please make sure your database server is running at `aws-1-ap-northeast-2.pooler.supabase.com:6543`.
🧹 Deleting webhook for bot @Newgen17_bot to enable polling (preserving updates)...
🧹 Deleting webhook for bot @Newgen17_bot to enable polling (preserving updates)...
🧹 Deleting webhook for bot @Newgen17_bot to enable polling (preserving updates)...
🧹 Deleting webhook for bot @Newgen17_bot to enable polling (preserving updates)...
